// Jest Snapshot v1, https://goo.gl/fbAQLP

exports[`<ChartGrid> when it renders has proper markup 1`] = `
<g
  className="ChartGrid"
>
  <line
    className="ChartGrid-y-line"
    x1={5}
    x2={893}
    y1={300}
    y2={300}
  />
  <line
    className="ChartGrid-y-line"
    x1={5}
    x2={893}
    y1={400}
    y2={400}
  />
  <line
    className="ChartGrid-x-line"
    x1={15}
    x2={15}
    y2={400}
  />
  <line
    className="ChartGrid-x-line"
    x1={25}
    x2={25}
    y2={400}
  />
</g>
`;
