// Jest Snapshot v1, https://goo.gl/fbAQLP

exports[`<ChartContainer> when it renders has proper markup 1`] = `
<div
  className="ChartContainer test"
>
  <svg
    className="ChartContainer-svg"
    height={400}
    width={0}
  >
    <rect
      height={400}
      width={0}
    />
  </svg>
</div>
`;
