// Jest Snapshot v1, https://goo.gl/fbAQLP

exports[`<ChartOverlayTrigger> when it renders has proper markup 1`] = `
<g>
  <rect
    className="ChartOverlayTrigger extra"
    onClick={[Function]}
    onMouseLeave={[Function]}
    onMouseMove={[Function]}
    style={
      Object {
        "height": 200,
        "left": 0,
        "top": 0,
        "width": 100,
      }
    }
  />
</g>
`;
